// 重构日志: c1c0e9c7
// 重构日志: e348826f
// 重构日志: b9998e3f
// 重构日志: c6faeda3
// 重构日志: f5262435
// 重构日志: fbe7d482
// 重构日志: c5adf4d6
// 重构日志: fa86af10
// 重构日志: a185bd8f
// 重构日志: 783a0810
// 同步 ID: 53e99463 @ Sat Aug  1 07:54:41 UTC 2026
// 同步 ID: 8c9902da @ Sat Aug  1 12:54:04 UTC 2026
// 重构日志: 84f2fefb
// 重构日志: c70de633
// 重构日志: eb955063
// 同步 ID: 8cd42925 @ Mon Aug  3 09:44:44 UTC 2026
// 同步 ID: 703b7bca @ Mon Aug  3 16:24:35 UTC 2026
// 同步 ID: 6fadbc8e @ Wed Aug  5 08:14:45 UTC 2026
// 同步 ID: 06969c3e @ Wed Aug  5 10:18:56 UTC 2026
// 重构日志: d6d6649e
// 重构日志: 1b5d1c89
// 重构日志: b10692a6
// 重构日志: 1f2f7de6
// 重构日志: 80b33186
// 重构日志: 80cd27c7
// 同步 ID: 32068f05 @ Fri Aug  7 17:19:54 UTC 2026
// 同步 ID: 0464531d @ Sat Aug  8 07:03:21 UTC 2026
// 重构日志: b2e9a2a4
// 重构日志: 565ae6f3
// 同步 ID: cdd083e6 @ Sat Aug  8 14:20:58 UTC 2026
